// Jest Snapshot v1, https://goo.gl/fbAQLP

exports[`Default test matches snapshot with home page 1`] = `
Object {
  "instance": null,
  "nodeType": "component",
  "props": Object {
    "children": <Home />,
    "initialEntries": Array [
      Object {
        "key": "testKey",
        "pathname": "/",
      },
    ],
  },
  "rendered": Object {
    "instance": null,
    "nodeType": "component",
    "props": Object {
      "basename": undefined,
      "children": <Home />,
      "location": Object {
        "hash": "",
        "key": "testKey",
        "pathname": "/",
        "search": "",
        "state": null,
      },
      "navigationType": "POP",
      "navigator": Object {
        "action": "POP",
        "back": [Function],
        "block": [Function],
        "createHref": [Function],
        "forward": [Function],
        "go": [Function],
        "index": 0,
        "listen": [Function],
        "location": Object {
          "hash": "",
          "key": "testKey",
          "pathname": "/",
          "search": "",
          "state": null,
        },
        "push": [Function],
        "replace": [Function],
      },
    },
    "rendered": Object {
      "instance": null,
      "nodeType": "component",
      "props": Object {},
      "rendered": Object {
        "instance": null,
        "nodeType": "component",
        "props": Object {
          "children": Array [
            <Title
              className=""
              colorScheme="yellow"
              fontSize="130px"
              text="Skyfall"
            />,
            <div
              className="buttons"
            >
              <Button
                buttonStyle="secondary"
                className="button"
                onClick={[Function]}
                text="Create Room"
              />
              <Button
                buttonStyle="primary"
                className="button"
                onClick={[Function]}
                text="Join Room"
              />
            </div>,
          ],
          "grassEnabled": true,
        },
        "rendered": Object {
          "instance": null,
          "nodeType": "host",
          "props": Object {
            "children": Array [
              <div
                className="children"
              >
                <Title
                  className=""
                  colorScheme="yellow"
                  fontSize="130px"
                  text="Skyfall"
                />
                <div
                  className="buttons"
                >
                  <Button
                    buttonStyle="secondary"
                    className="button"
                    onClick={[Function]}
                    text="Create Room"
                  />
                  <Button
                    buttonStyle="primary"
                    className="button"
                    onClick={[Function]}
                    text="Join Room"
                  />
                </div>
              </div>,
              <img
                alt="grass background"
                className="grassImage"
                src="/assets/grass.png"
              />,
            ],
            "className": "container",
          },
          "rendered": Array [
            Object {
              "instance": null,
              "nodeType": "host",
              "props": Object {
                "children": Array [
                  <Title
                    className=""
                    colorScheme="yellow"
                    fontSize="130px"
                    text="Skyfall"
                  />,
                  <div
                    className="buttons"
                  >
                    <Button
                      buttonStyle="secondary"
                      className="button"
                      onClick={[Function]}
                      text="Create Room"
                    />
                    <Button
                      buttonStyle="primary"
                      className="button"
                      onClick={[Function]}
                      text="Join Room"
                    />
                  </div>,
                ],
                "className": "children",
              },
              "rendered": Array [
                Object {
                  "instance": null,
                  "nodeType": "component",
                  "props": Object {
                    "className": "",
                    "colorScheme": "yellow",
                    "fontSize": "130px",
                    "text": "Skyfall",
                  },
                  "rendered": Object {
                    "instance": null,
                    "nodeType": "host",
                    "props": Object {
                      "children": "Skyfall",
                      "className": " fontStyle  yellow",
                      "style": Object {
                        "fontSize": "130px",
                      },
                    },
                    "rendered": Array [
                      "Skyfall",
                    ],
                    "type": "div",
                  },
                  "type": [Function],
                },
                Object {
                  "instance": null,
                  "nodeType": "host",
                  "props": Object {
                    "children": Array [
                      <Button
                        buttonStyle="secondary"
                        className="button"
                        onClick={[Function]}
                        text="Create Room"
                      />,
                      <Button
                        buttonStyle="primary"
                        className="button"
                        onClick={[Function]}
                        text="Join Room"
                      />,
                    ],
                    "className": "buttons",
                  },
                  "rendered": Array [
                    Object {
                      "instance": null,
                      "nodeType": "component",
                      "props": Object {
                        "buttonStyle": "secondary",
                        "className": "button",
                        "onClick": [Function],
                        "text": "Create Room",
                      },
                      "rendered": Object {
                        "instance": null,
                        "nodeType": "host",
                        "props": Object {
                          "children": "Create Room",
                          "className": "button button text secondary",
                          "onClick": [Function],
                          "type": "button",
                        },
                        "rendered": Array [
                          "Create Room",
                        ],
                        "type": "button",
                      },
                      "type": [Function],
                    },
                    Object {
                      "instance": null,
                      "nodeType": "component",
                      "props": Object {
                        "buttonStyle": "primary",
                        "className": "button",
                        "onClick": [Function],
                        "text": "Join Room",
                      },
                      "rendered": Object {
                        "instance": null,
                        "nodeType": "host",
                        "props": Object {
                          "children": "Join Room",
                          "className": "button button text primary",
                          "onClick": [Function],
                          "type": "button",
                        },
                        "rendered": Array [
                          "Join Room",
                        ],
                        "type": "button",
                      },
                      "type": [Function],
                    },
                  ],
                  "type": "div",
                },
              ],
              "type": "div",
            },
            Object {
              "instance": null,
              "nodeType": "host",
              "props": Object {
                "alt": "grass background",
                "className": "grassImage",
                "src": "/assets/grass.png",
              },
              "rendered": Array [],
              "type": "img",
            },
          ],
          "type": "div",
        },
        "type": [Function],
      },
      "type": [Function],
    },
    "type": [Function],
  },
  "type": [Function],
}
`;
